[2026-08-06T10:57:41.771Z] GET file:///Users/henrykaufman/Code/run-weather/index.html → 200 (3ms, 30933B)
[2026-08-06T10:57:41.778Z] GET https://fonts.googleapis.com/css2?family=Fraunces:ital,opsz,wght,SOFT@0,9..144,300..700,0..100;1,9..144,300..700,0..100&family=DM+Sans:wght@400;500;600;700&display=swap → 200 (174ms, 1144B)
[2026-08-06T10:57:41.989Z] GET https://fonts.gstatic.com/s/fraunces/v38/6NUG8FyLNQOQZAnv9ZwNjucMAkn8xNi7emAe9nimTfdtuFo2.woff2 → pending (?ms, ?B)
[2026-08-06T10:57:41.989Z] GET https://fonts.gstatic.com/s/fraunces/v38/6NUI8FyLNQOQZAnv9bYEvCeYdG9Ea92uemAO8UikR_BPug.woff2 → pending (?ms, ?B)
[2026-08-06T10:57:41.990Z] GET https://fonts.gstatic.com/s/dmsans/v17/rP2Yp2ywxg089UriI5-g4vlH9VoD8Cmcqbu0-K6z9mXg.woff2 → 200 (277ms, 37531B)
[2026-08-06T10:57:42.326Z] GET https://geocoding-api.open-meteo.com/v1/search?name=02131&count=1&language=en&format=json → pending (?ms, ?B)
[2026-08-06T10:57:47.913Z] GET https://api.open-meteo.com/v1/forecast?latitude=42.29121&longitude=-71.1245&hourly=temperature_2m,apparent_temperature,precipitation_probability,windspeed_10m,relative_humidity_2m,dew_point_2m&daily=sunrise,sunset&temperature_unit=fahrenheit&windspeed_unit=mph&timezone=auto&forecast_days=7 → pending (?ms, ?B)
[2026-08-06T11:02:00.810Z] GET https://training.setlist.run/ → 200 (553ms, 4286B)
[2026-08-06T11:02:01.417Z] GET https://training.setlist.run/_next/static/media/13971731025ec697-s.p.woff2 → pending (?ms, ?B)
[2026-08-06T11:02:01.417Z] GET https://training.setlist.run/_next/static/media/af4bf8399d1aacdf-s.p.woff2 → 200 (30ms, 36962B)
[2026-08-06T11:02:01.417Z] GET https://training.setlist.run/_next/static/css/636d134e04ae1fb4.css → 200 (125ms, 4656B)
[2026-08-06T11:02:01.417Z] GET https://training.setlist.run/_next/static/chunks/webpack-7309e72ed255d28d.js → pending (?ms, ?B)
[2026-08-06T11:02:01.417Z] GET https://training.setlist.run/_next/static/chunks/4bd1b696-9911af18dede28aa.js → 200 (53ms, 54656B)
[2026-08-06T11:02:01.417Z] GET https://training.setlist.run/_next/static/chunks/964-9ae7d6995fa49466.js → 200 (76ms, 43593B)
[2026-08-06T11:02:01.417Z] GET https://training.setlist.run/_next/static/chunks/main-app-d441699849325240.js → 200 (76ms, 612B)
[2026-08-06T11:02:01.417Z] GET https://training.setlist.run/_next/static/chunks/619-7e8abde336a179d4.js → 200 (79ms, 97464B)
[2026-08-06T11:02:01.417Z] GET https://training.setlist.run/_next/static/chunks/app/page-51720b3012bc4d09.js → 200 (39ms, 7545B)
[2026-08-06T11:02:01.418Z] GET https://static.cloudflareinsights.com/beacon.min.js/v4513226cdae34746b4dedf0b4dfa099e1781791509496 → pending (?ms, ?B)
[2026-08-06T11:02:01.628Z] GET https://training.setlist.run/api/session → 401 (119ms, 476B)
[2026-08-06T11:02:01.676Z] POST https://training.setlist.run/cdn-cgi/rum? → 204 (36ms, 513B)
[2026-08-06T11:02:02.506Z] GET https://weather.setlist.run/ → pending (?ms, ?B)
[2026-08-06T11:02:02.902Z] POST https://training.setlist.run/cdn-cgi/rum? → pending (?ms, ?B)
[2026-08-06T11:02:02.905Z] GET https://fonts.googleapis.com/css2?family=Fraunces:ital,opsz,wght,SOFT@0,9..144,300..700,0..100;1,9..144,300..700,0..100&family=DM+Sans:wght@400;500;600;700&display=swap → 200 (1ms, -698B)
[2026-08-06T11:02:02.908Z] GET https://static.cloudflareinsights.com/beacon.min.js/v4513226cdae34746b4dedf0b4dfa099e1781791509496 → 200 (16ms, -353B)
[2026-08-06T11:02:02.923Z] GET https://fonts.gstatic.com/s/fraunces/v38/6NUG8FyLNQOQZAnv9ZwNjucMAkn8xNi7emAe9nimTfdtuFo2.woff2 → 200 (1ms, -816B)
[2026-08-06T11:02:02.923Z] GET https://fonts.gstatic.com/s/fraunces/v38/6NUI8FyLNQOQZAnv9bYEvCeYdG9Ea92uemAO8UikR_BPug.woff2 → 200 (1ms, -816B)
[2026-08-06T11:02:02.923Z] GET https://fonts.gstatic.com/s/dmsans/v17/rP2Yp2ywxg089UriI5-g4vlH9VoD8Cmcqbu0-K6z9mXg.woff2 → 200 (1ms, -815B)
[2026-08-06T11:02:02.929Z] GET https://geocoding-api.open-meteo.com/v1/search?name=02131&count=1&language=en&format=json → 200 (589ms, 280B)
[2026-08-06T11:02:02.934Z] POST https://weather.setlist.run/cdn-cgi/rum? → 204 (29ms, 372B)
[2026-08-06T11:02:03.519Z] GET https://api.open-meteo.com/v1/forecast?latitude=42.29121&longitude=-71.1245&hourly=temperature_2m,apparent_temperature,precipitation_probability,windspeed_10m,relative_humidity_2m,dew_point_2m&daily=sunrise,sunset&temperature_unit=fahrenheit&windspeed_unit=mph&timezone=auto&forecast_days=7 → pending (?ms, ?B)
[2026-08-06T11:02:04.717Z] GET https://gradient.setlist.run/ → 200 (625ms, 9880B)
[2026-08-06T11:02:05.344Z] POST https://weather.setlist.run/cdn-cgi/rum? → pending (?ms, ?B)
[2026-08-06T11:02:05.348Z] GET https://gradient.setlist.run/_next/static/media/af4bf8399d1aacdf-s.p.woff2 → 200 (52ms, 36916B)
[2026-08-06T11:02:05.348Z] GET https://gradient.setlist.run/_next/static/css/c524132c2a897b1b.css → 200 (40ms, 5097B)
[2026-08-06T11:02:05.348Z] GET https://gradient.setlist.run/_next/static/chunks/webpack-ded6de1a526e7838.js → 200 (46ms, 2099B)
[2026-08-06T11:02:05.349Z] GET https://gradient.setlist.run/_next/static/chunks/4bd1b696-c023c6e3521b1417.js → 200 (70ms, 56149B)
[2026-08-06T11:02:05.349Z] GET https://gradient.setlist.run/_next/static/chunks/255-98a0bdaa30757bda.js → 200 (80ms, 46540B)
[2026-08-06T11:02:05.349Z] GET https://gradient.setlist.run/_next/static/chunks/main-app-cc06bf5aa751cf1f.js → 200 (181ms, 566B)
[2026-08-06T11:02:05.349Z] GET https://gradient.setlist.run/_next/static/chunks/619-ba102abea3e3d0e4.js → 200 (80ms, 3886B)
[2026-08-06T11:02:05.349Z] GET https://gradient.setlist.run/_next/static/chunks/app/layout-2035f62ff1317a4d.js → 200 (80ms, 1396B)
[2026-08-06T11:02:05.349Z] GET https://gradient.setlist.run/_next/static/chunks/448-0a4ac512966bd108.js → 200 (82ms, 5419B)
[2026-08-06T11:02:05.349Z] GET https://gradient.setlist.run/_next/static/chunks/app/page-07cba0e916a667d4.js → 200 (80ms, 1390B)
[2026-08-06T11:02:05.349Z] GET https://static.cloudflareinsights.com/beacon.min.js/v4513226cdae34746b4dedf0b4dfa099e1781791509496 → 200 (1ms, -353B)
[2026-08-06T11:02:05.556Z] POST https://gradient.setlist.run/cdn-cgi/rum? → pending (?ms, ?B)
[2026-08-06T11:02:05.564Z] GET https://gradient.setlist.run/explore?_rsc=1p-R_iEY6bj0jY31 → 200 (392ms, 655B)
[2026-08-06T11:02:05.564Z] GET https://gradient.setlist.run/gallery?_rsc=1p-R_iEY6bj0jY31 → 200 (381ms, 656B)
[2026-08-06T11:02:05.564Z] GET https://gradient.setlist.run/compare?_rsc=1p-R_iEY6bj0jY31 → 200 (419ms, 657B)
[2026-08-06T11:02:05.564Z] GET https://gradient.setlist.run/upload?_rsc=1p-R_iEY6bj0jY31 → 200 (403ms, 654B)
